// Jest Snapshot v1, https://goo.gl/fbAQLP

exports[`Quiz shows answer 1`] = `"<h3>Do you like Jest?</h3><div data-testid=\\"answer_a\\"><button>Yes</button></div><div data-testid=\\"answer_b\\"><button>No</button></div><div data-testid=\\"answer_c\\"><button>Jest sucks</button></div><div><h3>Your answer is: </h3><h4>Incorrect</h4></div>"`;

exports[`Quiz shows random question 1`] = `"<h3>Do you like Jest?</h3><div data-testid=\\"answer_a\\"><button>Yes</button></div><div data-testid=\\"answer_b\\"><button>No</button></div><div data-testid=\\"answer_c\\"><button>Jest sucks</button></div><div><h3>Your answer is: </h3><h4></h4></div>"`;
